
 Start  Stop   Length Name               Class

 00000H 03E83H 03E84H _TEXT              CODE
 03E84H 041F7H 00374H SCE_TEXT           CODE
 041F8H 0473DH 00546H INIT_TEXT          CODE
 0473EH 0779DH 03060H MENU_TEXT          CODE
 0779EH 07C58H 004BBH MOUSE_TEXT         CODE
 07C59H 07F36H 002DEH GRAPHICS_TEXT      CODE
 07F37H 07F92H 0005CH MISC_TEXT          CODE
 07F93H 07FFBH 00069H CREATE_TEXT        CODE
 07FFCH 080FDH 00102H MODE_TEXT          CODE
 080FEH 08C5DH 00B60H MAPEDIT_TEXT       CODE
 08C5EH 08E96H 00239H SPREDIT_TEXT       CODE
 08E97H 0BF9EH 03108H SPRSTUFF_TEXT      CODE
 0BF9FH 0C09DH 000FFH SPRMISC_TEXT       CODE
 0C09EH 0C1FAH 0015DH SPRVIEW_TEXT       CODE
 0C1FBH 0C66BH 00471H SPRFILE_TEXT       CODE
 0C66CH 0CE59H 007EEH IMGPROC_TEXT       CODE
 0CE5AH 0D120H 002C7H VIEW_TEXT          CODE
 0D121H 0E4E1H 013C1H FILE_TEXT          CODE
 0E4E2H 0E6B9H 001D8H FILES_TEXT         CODE
 0E6BAH 0F9A2H 012E9H ILBM_TEXT          CODE
 0F9A3H 10457H 00AB5H PCX_TEXT           CODE
 10458H 106FDH 002A6H SAVEPCX_TEXT       CODE
 106FEH 10846H 00149H VICCORE_TEXT       CODE
 10847H 1174BH 00F05H VIEWVGA_TEXT       CODE
 1174CH 11BB0H 00465H ZEROBUFF_TEXT      CODE
 11BB1H 157B1H 03C01H MAPSTUFF_TEXT      CODE
 157B2H 15C1CH 0046BH MAPFILE_TEXT       CODE
 15C1DH 15EBBH 0029FH MAPMISC_TEXT       CODE
 15EBCH 17039H 0117EH OBSSTUFF_TEXT      CODE
 1703AH 1765CH 00623H BLOKEDIT_TEXT      CODE
 1765DH 176C4H 00068H BLOKMISC_TEXT      CODE
 176C5H 17C0DH 00549H CUT_TEXT           CODE
 17C0EH 180F4H 004E7H PASTE_TEXT         CODE
 180F5H 1B12EH 0303AH CHAREDIT_TEXT      CODE
 1B12FH 1BF95H 00E67H CHARSTUF_TEXT      CODE
 1BF96H 1C049H 000B4H CHARMISC_TEXT      CODE
 1C04AH 1C5FBH 005B2H CHEDMISC_TEXT      CODE
 1C5FCH 1C831H 00236H DISKSTUF_TEXT      CODE
 1C832H 1FFE2H 037B1H GENFILE_TEXT       CODE
 1FFE3H 20B92H 00BB0H SEARCH_TEXT        CODE
 20B93H 215A0H 00A0EH GENESIS_TEXT       CODE
 215A2H 22048H 00AA7H vga256zx_TEXT      CODE
 2204AH 22D0CH 00CC3H draw256_TEXT       CODE
 22D0EH 23229H 0051CH cursor_TEXT        CODE
 2322AH 232CDH 000A4H writepcx_TEXT      CODE
 232CEH 233C2H 000F5H cmsasm_TEXT        CODE
 233C4H 237D9H 00416H emsasm_TEXT        CODE
 237DAH 23BAFH 003D6H xmsasm_TEXT        CODE
 23BB0H 23DFEH 0024FH crtsrc_TEXT        CODE
 23E00H 24730H 00931H tiles_TEXT         CODE
 24731H 24731H 00000H DEBUG_TEXT         CODE
 24731H 24826H 000F6H INKEY_TEXT         CODE
 24830H 24830H 00000H _FARDATA           FAR_DATA
 24830H 259AFH 01180H SCE5_FAR           FAR_DATA
 259B0H 26B2FH 01180H SCE6_FAR           FAR_DATA
 26B30H 2AB2FH 04000H SCE7_FAR           FAR_DATA
 2AB30H 2AF8FH 00460H SCE8_FAR           FAR_DATA
 2AF90H 2B3EFH 00460H SCE9_FAR           FAR_DATA
 2B3F0H 2B84FH 00460H SCE10_FAR          FAR_DATA
 2B850H 2C04FH 00800H SCE11_FAR          FAR_DATA
 2C050H 2C050H 00000H _FARBSS            FAR_BSS
 2C050H 2C050H 00000H _OVERLAY_          OVRINFO
 2C050H 2C050H 00000H _1STUB_            STUBSEG
 2C050H 315B5H 05566H _DATA              DATA
 315B6H 315B6H 00000H _CVTSEG            DATA
 315B6H 315B6H 00000H _SCNSEG            DATA
 315B6H 315B6H 00000H _CONST             CONST
 315B6H 315C7H 00012H _INIT_             INITDATA
 315C8H 315C8H 00000H _INITEND_          INITDATA
 315C8H 315C8H 00000H _EXIT_             EXITDATA
 315C8H 315C8H 00000H _EXITEND_          EXITDATA
 315C8H 39C45H 0867EH _BSS               BSS
 39C46H 39C46H 00000H _BSSEND            BSSEND
 39C50H 39CCFH 00080H _STACK             STACK

Program entry point at 0000:0000

